// Jest Snapshot v1, https://goo.gl/fbAQLP

exports[`renders Rank without crashing 1`] = `
<div>
  <div
    className="white f3"
  >
    John, your current entry count is... 
  </div>
  <div
    className="white f1"
  >
    3
  </div>
</div>
`;
