// Jest Snapshot v1, https://goo.gl/fbAQLP

exports[`renders Register without crashing 1`] = `
<article
  className="br3 ba dark-gray b--black-10 mv4 w-100 w-50-m w-25-l mw6 shadow-5 center"
>
  <main
    className="pa4 black-80"
  >
    <div
      className="measure"
    >
      <fieldset
        className="ba b--transparent ph0 mh0"
        id="sign_up"
      >
        <legend
          className="f2 fw6 ph0 mh0"
        >
          Register
        </legend>
        <div
          className="mt3"
        >
          <label
            className="db fw6 lh-copy f6"
            htmlFor="name"
          >
            Name
          </label>
          <input
            className="pa2 input-reset ba bg-transparent hover-bg-black hover-white w-100"
            id="name"
            name="name"
            onChange={[Function]}
            type="text"
          />
        </div>
        <div
          className="mt3"
        >
          <label
            className="db fw6 lh-copy f6"
            htmlFor="email-address"
          >
            Email
          </label>
          <input
            className="pa2 input-reset ba bg-transparent hover-bg-black hover-white w-100"
            id="email-address"
            name="email-address"
            onChange={[Function]}
            type="email"
          />
        </div>
        <div
          className="mv3"
        >
          <label
            className="db fw6 lh-copy f6"
            htmlFor="password"
          >
            Password
          </label>
          <input
            className="b pa2 input-reset ba bg-transparent hover-bg-black hover-white w-100"
            id="password"
            name="password"
            onChange={[Function]}
            type="password"
          />
        </div>
      </fieldset>
      <div
        className=""
      >
        <input
          className="b ph3 pv2 input-reset ba b--black bg-transparent grow pointer f6 dib"
          id="registersubmit"
          onClick={[Function]}
          type="submit"
          value="Register"
        />
      </div>
    </div>
  </main>
</article>
`;
